
> exterminate.co.ke@0.1.0 build
> next build

Γû▓ Next.js 16.2.1 (Turbopack)

  Creating an optimized production build ...
Γ£ô Compiled successfully in 8.1s
  Running TypeScript ...
  Finished TypeScript in 15.4s ...
  Collecting page data using 7 workers ...
  Generating static pages using 7 workers (0/19) ...
  Generating static pages using 7 workers (4/19) 
  Generating static pages using 7 workers (9/19) 
  Generating static pages using 7 workers (14/19) 
Γ£ô Generating static pages using 7 workers (19/19) in 2.1s
  Finalizing page optimization ...

Route (app)
Γöî Γùï /
Γö£ Γùï /_not-found
Γö£ Γùï /about
Γö£ Γùï /blog
Γö£ ΓùÅ /blog/[slug]
Γöé Γö£ /blog/how-to-identify-termite-infestation-kenya
Γöé Γö£ /blog/fumigation-preparation-guide-kenya
Γöé Γö£ /blog/pest-control-during-rainy-season-kenya
Γöé Γöö /blog/bed-bug-myths-kenya
Γö£ Γùï /contact
Γö£ Γùï /service-area
Γö£ Γùï /services
Γö£ Γùï /services/bed-bug-treatment
Γö£ Γùï /services/cockroach-control
Γö£ Γùï /services/general-fumigation
Γö£ Γùï /services/rodent-control
Γö£ Γùï /services/termite-control
Γöö Γùï /sitemap.xml


Γùï  (Static)  prerendered as static content
ΓùÅ  (SSG)     prerendered as static HTML (uses generateStaticParams)

